// Jest Snapshot v1, https://goo.gl/fbAQLP

exports[`Renders 1`] = `
.c0 {
  box-shadow: 0 0 2px 0 rgba(0,0,0,0.12),0 2px 2px 0 rgba(0,0,0,0.12);
  border-radius: 4px;
  color: #444;
  background: #fff;
  position: relative;
  max-width: 100%;
}

<Base
  className="c0"
  theme={
    Object {
      "grays": Object {
        "dark": "#444",
        "desertStorm": "#f8f8f8",
        "gainsboro": "#ddd",
        "gallery": "#eff0f2",
        "jumbo": "#888",
        "platinum": "#e3e3e3",
        "steel": "#666",
        "white": "#fff",
      },
      "primaries": Object {
        "dark": "#184673",
        "highlight": "#edf7ff",
        "light": "#ceddea",
        "primary": "#20588f",
        "secondary": "#507aa4",
        "tertiary": "#a5bcd3",
      },
      "supports": Object {
        "greenDark": "#359258",
        "greenHighlight": "#edfff4",
        "greenPrimary": "#5cbc80",
      },
    }
  }
>
  I am in a card!
</Base>
`;
