// Jest Snapshot v1, https://goo.gl/fbAQLP

exports[`Renders 1`] = `
.c0 {
  font-weight: 500;
  font-size: 16px;
  line-height: 22px;
}

.c0:first-child {
  margin-top: 0;
}

@media (min-width:769px) {
  .c0 {
    font-size: 20px;
    line-height: 26px;
  }
}

<h4
  className="c0"
>
  Header 4
</h4>
`;
