// Jest Snapshot v1, https://goo.gl/fbAQLP

exports[`Renders 1`] = `
.emotion-0 {
  box-shadow: 0 0 2px 0 rgba(0,0,0,0.12),0 2px 2px 0 rgba(0,0,0,0.12);
  border-radius: 4px;
  background-color: #666;
  color: #fff;
  padding-left: 10px;
  padding-right: 10px;
  font-size: 11px;
  line-height: 17px;
}

@media (min-width:768px) {
  .emotion-0 {
    font-size: 12px;
    line-height: 18px;
  }
}

<Component
  level="1"
>
  <Styled(span)>
    <span
      className="emotion-0 emotion-1"
    >
      <withI18n
        id="Level {level}"
        values={
          Object {
            "level": "1",
          }
        }
      >
        <Trans
          id="Level {level}"
          values={
            Object {
              "level": "1",
            }
          }
        >
          <Render
            value="Level {level}"
          >
            <span>
              Level {level}
            </span>
          </Render>
        </Trans>
      </withI18n>
    </span>
  </Styled(span)>
</Component>
`;
